08000000 t debug.FullPanic((function 'defaultPanic')).integerOverflow
08000028 t debug.defaultPanic
08000042 t debug.FullPanic((function 'defaultPanic')).corruptSwitch
0800006a t debug.FullPanic((function 'defaultPanic')).divideByZero
08000092 T _start
080000be t main.main
080001ac t system.system.init
080002ae t hal.gpio.enableAllClocks
080002da t hal.gpio.pin__anon_8047
080002f8 t hal.gpio.Pin.configure
080003a4 t hal.time.systick.init
08000486 t hal.time.systick.nowTicks
08000500 t hal.gpio.Pin.toggle
0800054e t periph.registers.rcc
08000562 t periph.registers.flash
08000576 t hal.gpio.Pin.gpio
080005fa t periph.registers.systick
0800060e t hal.gpio.Pin.readOut
08000654 t hal.gpio.Pin.write
080006dc t periph.registers.gpioA
080006f4 t periph.registers.gpioC
08000708 t periph.registers.gpioD
08000720 t __udivsi3
08000868 t __anon_2776
08000879 t __anon_5636
08000891 t __anon_2330
080008a8 A _sidata
20000000 D _sdata
20000000 d system.system.core_clock_hz
20000004 D _edata
20000004 B _sbss
20000004 b hal.time.systick_ticks_per_irq
20000008 b hal.time.systick_ticks
2000000c B _ebss
